QA output created by 008
= before cycle mount =
= after cycle mount =
