QA output created by 452
SCRATCH_MNT/ls_on_scratch
SCRATCH_MNT/ls_on_scratch
