QA output created by 496
fallocate swap
mixed swap
