QA output created by 520

=== link SCRATCH_MNT/foo SCRATCH_MNT/bar  with fsync SCRATCH_MNT ===

=== link SCRATCH_MNT/foo SCRATCH_MNT/bar  with fsync SCRATCH_MNT/foo ===

=== link SCRATCH_MNT/foo SCRATCH_MNT/bar  with fsync SCRATCH_MNT/bar ===

=== link SCRATCH_MNT/foo SCRATCH_MNT/bar  with sync ===

=== link SCRATCH_MNT/foo SCRATCH_MNT/A/bar  with fsync SCRATCH_MNT ===

=== link SCRATCH_MNT/foo SCRATCH_MNT/A/bar  with fsync SCRATCH_MNT/foo ===

=== link SCRATCH_MNT/foo SCRATCH_MNT/A/bar  with fsync SCRATCH_MNT/bar ===

=== link SCRATCH_MNT/foo SCRATCH_MNT/A/bar  with fsync SCRATCH_MNT/A ===

=== link SCRATCH_MNT/foo SCRATCH_MNT/A/bar  with fsync SCRATCH_MNT/A/bar ===

=== link SCRATCH_MNT/foo SCRATCH_MNT/A/bar  with fsync SCRATCH_MNT/A/foo ===

=== link SCRATCH_MNT/foo SCRATCH_MNT/A/bar  with sync ===

=== link SCRATCH_MNT/A/foo SCRATCH_MNT/bar  with fsync SCRATCH_MNT ===

=== link SCRATCH_MNT/A/foo SCRATCH_MNT/bar  with fsync SCRATCH_MNT/foo ===

=== link SCRATCH_MNT/A/foo SCRATCH_MNT/bar  with fsync SCRATCH_MNT/bar ===

=== link SCRATCH_MNT/A/foo SCRATCH_MNT/bar  with fsync SCRATCH_MNT/A ===

=== link SCRATCH_MNT/A/foo SCRATCH_MNT/bar  with fsync SCRATCH_MNT/A/bar ===

=== link SCRATCH_MNT/A/foo SCRATCH_MNT/bar  with fsync SCRATCH_MNT/A/foo ===

=== link SCRATCH_MNT/A/foo SCRATCH_MNT/bar  with sync ===

=== link SCRATCH_MNT/A/foo SCRATCH_MNT/A/bar  with fsync SCRATCH_MNT ===

=== link SCRATCH_MNT/A/foo SCRATCH_MNT/A/bar  with fsync SCRATCH_MNT/A ===

=== link SCRATCH_MNT/A/foo SCRATCH_MNT/A/bar  with fsync SCRATCH_MNT/A/bar ===

=== link SCRATCH_MNT/A/foo SCRATCH_MNT/A/bar  with fsync SCRATCH_MNT/A/foo ===

=== link SCRATCH_MNT/A/foo SCRATCH_MNT/A/bar  with sync ===

=== link SCRATCH_MNT/bar SCRATCH_MNT/A/bar  with fsync SCRATCH_MNT ===

=== link SCRATCH_MNT/bar SCRATCH_MNT/A/bar  with fsync SCRATCH_MNT/foo ===

=== link SCRATCH_MNT/bar SCRATCH_MNT/A/bar  with fsync SCRATCH_MNT/bar ===

=== link SCRATCH_MNT/bar SCRATCH_MNT/A/bar  with fsync SCRATCH_MNT/A ===

=== link SCRATCH_MNT/bar SCRATCH_MNT/A/bar  with fsync SCRATCH_MNT/A/bar ===

=== link SCRATCH_MNT/bar SCRATCH_MNT/A/bar  with fsync SCRATCH_MNT/A/foo ===

=== link SCRATCH_MNT/bar SCRATCH_MNT/A/bar  with sync ===

=== link SCRATCH_MNT/A/bar SCRATCH_MNT/bar  with fsync SCRATCH_MNT ===

=== link SCRATCH_MNT/A/bar SCRATCH_MNT/bar  with fsync SCRATCH_MNT/foo ===

=== link SCRATCH_MNT/A/bar SCRATCH_MNT/bar  with fsync SCRATCH_MNT/bar ===

=== link SCRATCH_MNT/A/bar SCRATCH_MNT/bar  with fsync SCRATCH_MNT/A ===

=== link SCRATCH_MNT/A/bar SCRATCH_MNT/bar  with fsync SCRATCH_MNT/A/bar ===

=== link SCRATCH_MNT/A/bar SCRATCH_MNT/bar  with fsync SCRATCH_MNT/A/foo ===

=== link SCRATCH_MNT/A/bar SCRATCH_MNT/bar  with sync ===
