QA output created by 534
wrote 8000/8000 bytes at offset 0
XXX Bytes, X ops; XX:XX:XX.X (XXX YYY/sec and XXX ops/sec)
File content after power failure:
0000000 ab ab ab ab ab ab ab ab ab ab ab ab ab ab ab ab
*
0002992 ab ab ab ab ab ab ab ab
0003000
