QA output created by 589
move shared to shared
------
TEST_DIR/589-dst SCRATCH_DEV
TEST_DIR/589-dst SCRATCH_DEV
TEST_DIR/589-src SCRATCH_DEV
mpA SCRATCH_DEV
mpA/dir SCRATCH_DEV
mpC SCRATCH_DEV
mpC SCRATCH_DEV
mpC/dir SCRATCH_DEV
mpC/dir SCRATCH_DEV
======
------
TEST_DIR/589-dst SCRATCH_DEV
TEST_DIR/589-dst SCRATCH_DEV
TEST_DIR/589-src SCRATCH_DEV
mpA SCRATCH_DEV
mpA/dir SCRATCH_DEV
mpC SCRATCH_DEV
mpC SCRATCH_DEV
mpC/dir SCRATCH_DEV
mpC/dir SCRATCH_DEV
======
------
TEST_DIR/589-dst SCRATCH_DEV
TEST_DIR/589-dst SCRATCH_DEV
TEST_DIR/589-src SCRATCH_DEV
mpA SCRATCH_DEV
mpC SCRATCH_DEV
mpC SCRATCH_DEV
======
move slave to shared
------
TEST_DIR/589-dst SCRATCH_DEV
TEST_DIR/589-dst SCRATCH_DEV
TEST_DIR/589-src SCRATCH_DEV
mpA SCRATCH_DEV
mpA/dir SCRATCH_DEV
mpC SCRATCH_DEV
mpC SCRATCH_DEV
mpC/dir SCRATCH_DEV
mpC/dir SCRATCH_DEV
======
------
TEST_DIR/589-dst SCRATCH_DEV
TEST_DIR/589-dst SCRATCH_DEV
TEST_DIR/589-src SCRATCH_DEV
mpA SCRATCH_DEV
mpC SCRATCH_DEV
mpC SCRATCH_DEV
mpC/dir SCRATCH_DEV
mpC/dir SCRATCH_DEV
======
------
TEST_DIR/589-dst SCRATCH_DEV
TEST_DIR/589-dst SCRATCH_DEV
TEST_DIR/589-src SCRATCH_DEV
mpA SCRATCH_DEV
mpC SCRATCH_DEV
mpC SCRATCH_DEV
======
move private to shared
------
TEST_DIR/589-dst SCRATCH_DEV
TEST_DIR/589-dst SCRATCH_DEV
TEST_DIR/589-src SCRATCH_DEV
mpA SCRATCH_DEV
mpA/dir SCRATCH_DEV
mpC SCRATCH_DEV
mpC SCRATCH_DEV
======
------
TEST_DIR/589-dst SCRATCH_DEV
TEST_DIR/589-dst SCRATCH_DEV
TEST_DIR/589-src SCRATCH_DEV
mpA SCRATCH_DEV
mpC SCRATCH_DEV
mpC SCRATCH_DEV
mpC/dir SCRATCH_DEV
mpC/dir SCRATCH_DEV
======
------
TEST_DIR/589-dst SCRATCH_DEV
TEST_DIR/589-dst SCRATCH_DEV
TEST_DIR/589-src SCRATCH_DEV
mpA SCRATCH_DEV
mpC SCRATCH_DEV
mpC SCRATCH_DEV
======
move unbindable to shared
------
TEST_DIR/589-dst SCRATCH_DEV
TEST_DIR/589-dst SCRATCH_DEV
TEST_DIR/589-src SCRATCH_DEV
mpA SCRATCH_DEV
mpB SCRATCH_DEV
======
move shared to slave
------
TEST_DIR/589-dst SCRATCH_DEV
TEST_DIR/589-dst SCRATCH_DEV
TEST_DIR/589-src SCRATCH_DEV
mpA SCRATCH_DEV
mpA/dir SCRATCH_DEV
mpC SCRATCH_DEV
mpC/dir SCRATCH_DEV
======
------
TEST_DIR/589-dst SCRATCH_DEV
TEST_DIR/589-dst SCRATCH_DEV
TEST_DIR/589-src SCRATCH_DEV
mpA SCRATCH_DEV
mpA/dir SCRATCH_DEV
mpC SCRATCH_DEV
mpC/dir SCRATCH_DEV
======
------
TEST_DIR/589-dst SCRATCH_DEV
TEST_DIR/589-dst SCRATCH_DEV
TEST_DIR/589-src SCRATCH_DEV
mpA SCRATCH_DEV
mpA/dir SCRATCH_DEV
mpD SCRATCH_DEV
mpD/dir SCRATCH_DEV
======
------
TEST_DIR/589-dst SCRATCH_DEV
TEST_DIR/589-dst SCRATCH_DEV
TEST_DIR/589-src SCRATCH_DEV
mpA SCRATCH_DEV
mpA/dir SCRATCH_DEV
mpD SCRATCH_DEV
mpD/dir SCRATCH_DEV
======
move slave to slave
------
TEST_DIR/589-dst SCRATCH_DEV
TEST_DIR/589-dst SCRATCH_DEV
TEST_DIR/589-src SCRATCH_DEV
mpA SCRATCH_DEV
mpA/dir SCRATCH_DEV
mpC SCRATCH_DEV
mpC/dir SCRATCH_DEV
======
------
TEST_DIR/589-dst SCRATCH_DEV
TEST_DIR/589-dst SCRATCH_DEV
TEST_DIR/589-src SCRATCH_DEV
mpA SCRATCH_DEV
mpC SCRATCH_DEV
mpC/dir SCRATCH_DEV
======
------
TEST_DIR/589-dst SCRATCH_DEV
TEST_DIR/589-dst SCRATCH_DEV
TEST_DIR/589-src SCRATCH_DEV
mpA SCRATCH_DEV
mpA/dir SCRATCH_DEV
mpD SCRATCH_DEV
mpD/dir SCRATCH_DEV
======
------
TEST_DIR/589-dst SCRATCH_DEV
TEST_DIR/589-dst SCRATCH_DEV
TEST_DIR/589-src SCRATCH_DEV
mpA SCRATCH_DEV
mpD SCRATCH_DEV
mpD/dir SCRATCH_DEV
======
move private to slave
------
TEST_DIR/589-dst SCRATCH_DEV
TEST_DIR/589-dst SCRATCH_DEV
TEST_DIR/589-src SCRATCH_DEV
mpA SCRATCH_DEV
mpA/dir SCRATCH_DEV
mpC SCRATCH_DEV
======
------
TEST_DIR/589-dst SCRATCH_DEV
TEST_DIR/589-dst SCRATCH_DEV
TEST_DIR/589-src SCRATCH_DEV
mpA SCRATCH_DEV
mpC SCRATCH_DEV
mpC/dir SCRATCH_DEV
======
------
TEST_DIR/589-dst SCRATCH_DEV
TEST_DIR/589-dst SCRATCH_DEV
TEST_DIR/589-src SCRATCH_DEV
mpA SCRATCH_DEV
mpA/dir SCRATCH_DEV
mpD SCRATCH_DEV
======
------
TEST_DIR/589-dst SCRATCH_DEV
TEST_DIR/589-dst SCRATCH_DEV
TEST_DIR/589-src SCRATCH_DEV
mpA SCRATCH_DEV
mpD SCRATCH_DEV
mpD/dir SCRATCH_DEV
======
move unbindable to slave
------
TEST_DIR/589-dst SCRATCH_DEV
TEST_DIR/589-dst SCRATCH_DEV
TEST_DIR/589-src SCRATCH_DEV
mpA SCRATCH_DEV
mpA/dir SCRATCH_DEV
mpC SCRATCH_DEV
======
------
TEST_DIR/589-dst SCRATCH_DEV
TEST_DIR/589-dst SCRATCH_DEV
TEST_DIR/589-src SCRATCH_DEV
mpA SCRATCH_DEV
mpC SCRATCH_DEV
mpC/dir SCRATCH_DEV
======
------
TEST_DIR/589-dst SCRATCH_DEV
TEST_DIR/589-dst SCRATCH_DEV
TEST_DIR/589-src SCRATCH_DEV
mpA SCRATCH_DEV
mpA/dir SCRATCH_DEV
mpD SCRATCH_DEV
======
------
TEST_DIR/589-dst SCRATCH_DEV
TEST_DIR/589-dst SCRATCH_DEV
TEST_DIR/589-src SCRATCH_DEV
mpA SCRATCH_DEV
mpD SCRATCH_DEV
mpD/dir SCRATCH_DEV
======
move shared to private
------
TEST_DIR/589-dst SCRATCH_DEV
TEST_DIR/589-dst SCRATCH_DEV
TEST_DIR/589-src SCRATCH_DEV
mpA SCRATCH_DEV
mpA/dir SCRATCH_DEV
mpC SCRATCH_DEV
mpC/dir SCRATCH_DEV
======
------
TEST_DIR/589-dst SCRATCH_DEV
TEST_DIR/589-dst SCRATCH_DEV
TEST_DIR/589-src SCRATCH_DEV
mpA SCRATCH_DEV
mpA/dir SCRATCH_DEV
mpC SCRATCH_DEV
mpC/dir SCRATCH_DEV
======
------
TEST_DIR/589-dst SCRATCH_DEV
TEST_DIR/589-dst SCRATCH_DEV
TEST_DIR/589-src SCRATCH_DEV
mpA SCRATCH_DEV
mpA/dir SCRATCH_DEV
mpD SCRATCH_DEV
mpD/dir SCRATCH_DEV
======
------
TEST_DIR/589-dst SCRATCH_DEV
TEST_DIR/589-dst SCRATCH_DEV
TEST_DIR/589-src SCRATCH_DEV
mpA SCRATCH_DEV
mpA/dir SCRATCH_DEV
mpD SCRATCH_DEV
mpD/dir SCRATCH_DEV
======
move slave to private
------
TEST_DIR/589-dst SCRATCH_DEV
TEST_DIR/589-dst SCRATCH_DEV
TEST_DIR/589-src SCRATCH_DEV
mpA SCRATCH_DEV
mpA/dir SCRATCH_DEV
mpC SCRATCH_DEV
mpC/dir SCRATCH_DEV
======
------
TEST_DIR/589-dst SCRATCH_DEV
TEST_DIR/589-dst SCRATCH_DEV
TEST_DIR/589-src SCRATCH_DEV
mpA SCRATCH_DEV
mpC SCRATCH_DEV
mpC/dir SCRATCH_DEV
======
------
TEST_DIR/589-dst SCRATCH_DEV
TEST_DIR/589-dst SCRATCH_DEV
TEST_DIR/589-src SCRATCH_DEV
mpA SCRATCH_DEV
mpA/dir SCRATCH_DEV
mpD SCRATCH_DEV
mpD/dir SCRATCH_DEV
======
------
TEST_DIR/589-dst SCRATCH_DEV
TEST_DIR/589-dst SCRATCH_DEV
TEST_DIR/589-src SCRATCH_DEV
mpA SCRATCH_DEV
mpD SCRATCH_DEV
mpD/dir SCRATCH_DEV
======
move private to private
------
TEST_DIR/589-dst SCRATCH_DEV
TEST_DIR/589-dst SCRATCH_DEV
TEST_DIR/589-src SCRATCH_DEV
mpA SCRATCH_DEV
mpA/dir SCRATCH_DEV
mpC SCRATCH_DEV
======
------
TEST_DIR/589-dst SCRATCH_DEV
TEST_DIR/589-dst SCRATCH_DEV
TEST_DIR/589-src SCRATCH_DEV
mpA SCRATCH_DEV
mpC SCRATCH_DEV
mpC/dir SCRATCH_DEV
======
------
TEST_DIR/589-dst SCRATCH_DEV
TEST_DIR/589-dst SCRATCH_DEV
TEST_DIR/589-src SCRATCH_DEV
mpA SCRATCH_DEV
mpA/dir SCRATCH_DEV
mpD SCRATCH_DEV
======
------
TEST_DIR/589-dst SCRATCH_DEV
TEST_DIR/589-dst SCRATCH_DEV
TEST_DIR/589-src SCRATCH_DEV
mpA SCRATCH_DEV
mpD SCRATCH_DEV
mpD/dir SCRATCH_DEV
======
move unbindable to private
------
TEST_DIR/589-dst SCRATCH_DEV
TEST_DIR/589-dst SCRATCH_DEV
TEST_DIR/589-src SCRATCH_DEV
mpA SCRATCH_DEV
mpA/dir SCRATCH_DEV
mpC SCRATCH_DEV
======
------
TEST_DIR/589-dst SCRATCH_DEV
TEST_DIR/589-dst SCRATCH_DEV
TEST_DIR/589-src SCRATCH_DEV
mpA SCRATCH_DEV
mpC SCRATCH_DEV
mpC/dir SCRATCH_DEV
======
------
TEST_DIR/589-dst SCRATCH_DEV
TEST_DIR/589-dst SCRATCH_DEV
TEST_DIR/589-src SCRATCH_DEV
mpA SCRATCH_DEV
mpA/dir SCRATCH_DEV
mpD SCRATCH_DEV
======
------
TEST_DIR/589-dst SCRATCH_DEV
TEST_DIR/589-dst SCRATCH_DEV
TEST_DIR/589-src SCRATCH_DEV
mpA SCRATCH_DEV
mpD SCRATCH_DEV
mpD/dir SCRATCH_DEV
======
