QA output created by 597
== Test symlink follow protection when
== process != link owner and dir owner != link owner
fs.protected_symlinks = 0
successfully followed symlink
fs.protected_symlinks = 1
Permission denied

== Test hardlink create protection when
== process != target owner and process cannot read target
fs.protected_hardlinks = 0
successfully created hardlink
fs.protected_hardlinks = 1
ln: failed to create hard link 'TEST_DIR/597/sticky_dir/hardlink' => 'TEST_DIR/597/target': Operation not permitted
