QA output created by 613

# Adding encryption keys
Added encryption key with identifier 69b2f6edeee720cce0577937eb8a6751
Added encryption key with descriptor 0000111122223333

# Creating encrypted files and directories

# Getting encryption nonces from inodes

# Verifying uniqueness of nonces
Listing non-unique nonces:

# Verifying randomness of nonces
Uncompressed size is 3200 bytes
Nonces are incompressible, as expected
