QA output created by 041
Format and mount
Corrupt filesystem
Remount, try to append
Write did not succeed (ok).
