QA output created by 042
minix f_blocks is in range
bsd f_blocks is in range
