QA output created by 003
  Copy single object to the end:
    aaaa|bbbb|cccc => aaaa|bbbb|aaaa
  Copy single object to the beginning:
    aaaa|bbbb|aaaa => bbbb|bbbb|aaaa
  Copy single object to the middle:
    bbbb|bbbb|aaaa => bbbb|aaaa|aaaa
  Cross object boundary (no full object copy)
    aaaa|bbbb|cccc => aaaa|bbaa|aacc
    aaaa|bbbb|cccc => aaaa|bbaa|bbcc
    aaaa|bbbb|cccc => aaaa|bbbb|aabb
