QA output created by 175
* state -ugp:
Blocks grace time: [--------]
Inodes grace time: [--------]
Realtime Blocks grace time: [--------]
Blocks grace time: [5 days]
Inodes grace time: [5 days]
Realtime Blocks grace time: [5 days]
Blocks grace time: [--------]
Inodes grace time: [--------]
Realtime Blocks grace time: [--------]
* state -a:
Blocks grace time: [--------]
Inodes grace time: [--------]
Realtime Blocks grace time: [--------]
Blocks grace time: [5 days]
Inodes grace time: [5 days]
Realtime Blocks grace time: [5 days]
Blocks grace time: [--------]
Inodes grace time: [--------]
Realtime Blocks grace time: [--------]
