QA output created by 187
Format and mount
Try to write a bunch of stuff to the fragmented rt space
