QA output created by 440
Format and mount
Create files
root 0 0 0
fsgqa 64 0 0
Reflink and CoW
root 0 0 0
fsgqa 1152 0 0
Sync
root 0 0 0
fsgqa 1088 0 0
Chown and check quota
root 1024 0 0
fsgqa 64 0 0
Remount
root 64 0 0
fsgqa 64 0 0
