QA output created by 442
Format and fsstress
Check quota before remount
Check quota after remount
Comparing user usage
Comparing group usage
