QA output created by 455
Format and populate
Fuzz AGFL
Done fuzzing AGFL
Fuzz AGFL flfirst
Done fuzzing AGFL flfirst
