QA output created by 458
Format and populate
Fuzz bnobt keyptr
Done fuzzing bnobt keyptr
