QA output created by 467
Format and populate
Find btree-format file inode
Fuzz inode
Done fuzzing inode
