QA output created by 485
Format and populate
Find blockdev inode
Fuzz inode
Done fuzzing inode
