QA output created by 487
Format and populate
Fuzz user 0 dquot
Done fuzzing dquot
