QA output created by 495
Format and populate
Check leafn rebuilds
Fuzz nbtree[0].before to zero
Check nbtree[0].before repair
rebuilding directory inode XXX
Done
