QA output created by 523
Spaces in a section name
Spaces in the middle of a key name
Invalid value
Nonexistent sections
Nonexistent keys
Only zero or one
sysctl style files
binaries
respecified options
respecified sections
ambiguous comment/section names
ambiguous comment/variable names
