QA output created by 887
Format and mount
Create some files
Corrupt fs
Try to create more files
Repair fs
Try to create more files (again)
