QA output created by 052
Testing with a cow file (default)
wrote 8192/8192 bytes at offset 0
XXX Bytes, X ops; XX:XX:XX.X (XXX YYY/sec and XXX ops/sec)
wrote 8192/8192 bytes at offset 8192
XXX Bytes, X ops; XX:XX:XX.X (XXX YYY/sec and XXX ops/sec)
wrote 8192/8192 bytes at offset 16384
XXX Bytes, X ops; XX:XX:XX.X (XXX YYY/sec and XXX ops/sec)
wrote 8192/8192 bytes at offset 24576
XXX Bytes, X ops; XX:XX:XX.X (XXX YYY/sec and XXX ops/sec)
wrote 65536/65536 bytes at offset 32768
XXX Bytes, X ops; XX:XX:XX.X (XXX YYY/sec and XXX ops/sec)
5af7a1d6d3757be1e3e911ba5fdf4cbe  SCRATCH_MNT/foo
clone failed: Invalid argument
5af7a1d6d3757be1e3e911ba5fdf4cbe  SCRATCH_MNT/foo
clone failed: Invalid argument
5af7a1d6d3757be1e3e911ba5fdf4cbe  SCRATCH_MNT/foo
0000000 04 04 04 04 04 04 04 04 04 04 04 04 04 04 04 04
*
0020000 02 02 02 02 02 02 02 02 02 02 02 02 02 02 02 02
*
0040000 03 03 03 03 03 03 03 03 03 03 03 03 03 03 03 03
*
0060000 04 04 04 04 04 04 04 04 04 04 04 04 04 04 04 04
*
0100000 05 05 05 05 05 05 05 05 05 05 05 05 05 05 05 05
*
0300000
0000000 04 04 04 04 04 04 04 04 04 04 04 04 04 04 04 04
*
0020000 02 02 02 02 02 02 02 02 02 02 02 02 02 02 02 02
*
0060000 04 04 04 04 04 04 04 04 04 04 04 04 04 04 04 04
*
0100000 05 05 05 05 05 05 05 05 05 05 05 05 05 05 05 05
*
0300000
0000000 04 04 04 04 04 04 04 04 04 04 04 04 04 04 04 04
*
0020000 02 02 02 02 02 02 02 02 02 02 02 02 02 02 02 02
*
0060000 04 04 04 04 04 04 04 04 04 04 04 04 04 04 04 04
*
0100000 05 05 05 05 05 05 05 05 05 05 05 05 05 05 05 05
*
0200000 02 02 02 02 02 02 02 02 02 02 02 02 02 02 02 02
*
0210000 04 04 04 04 04 04 04 04 04 04 04 04 04 04 04 04
*
0230000 05 05 05 05 05 05 05 05 05 05 05 05 05 05 05 05
*
0300000
wrote 8192/8192 bytes at offset 0
XXX Bytes, X ops; XX:XX:XX.X (XXX YYY/sec and XXX ops/sec)
0000000 ff ff ff ff ff ff ff ff ff ff ff ff ff ff ff ff
*
0020000 02 02 02 02 02 02 02 02 02 02 02 02 02 02 02 02
*
0060000 04 04 04 04 04 04 04 04 04 04 04 04 04 04 04 04
*
0100000 05 05 05 05 05 05 05 05 05 05 05 05 05 05 05 05
*
0200000 02 02 02 02 02 02 02 02 02 02 02 02 02 02 02 02
*
0210000 04 04 04 04 04 04 04 04 04 04 04 04 04 04 04 04
*
0230000 05 05 05 05 05 05 05 05 05 05 05 05 05 05 05 05
*
0300000
0000000 ff ff ff ff ff ff ff ff ff ff ff ff ff ff ff ff
*
0020000 02 02 02 02 02 02 02 02 02 02 02 02 02 02 02 02
*
0060000 04 04 04 04 04 04 04 04 04 04 04 04 04 04 04 04
*
0100000 05 05 05 05 05 05 05 05 05 05 05 05 05 05 05 05
*
0200000 02 02 02 02 02 02 02 02 02 02 02 02 02 02 02 02
*
0210000 04 04 04 04 04 04 04 04 04 04 04 04 04 04 04 04
*
0230000 05 05 05 05 05 05 05 05 05 05 05 05 05 05 05 05
*
0300000
Testing with a nocow file (-O nodatacow)
wrote 8192/8192 bytes at offset 0
XXX Bytes, X ops; XX:XX:XX.X (XXX YYY/sec and XXX ops/sec)
wrote 8192/8192 bytes at offset 8192
XXX Bytes, X ops; XX:XX:XX.X (XXX YYY/sec and XXX ops/sec)
wrote 8192/8192 bytes at offset 16384
XXX Bytes, X ops; XX:XX:XX.X (XXX YYY/sec and XXX ops/sec)
wrote 8192/8192 bytes at offset 24576
XXX Bytes, X ops; XX:XX:XX.X (XXX YYY/sec and XXX ops/sec)
wrote 65536/65536 bytes at offset 32768
XXX Bytes, X ops; XX:XX:XX.X (XXX YYY/sec and XXX ops/sec)
5af7a1d6d3757be1e3e911ba5fdf4cbe  SCRATCH_MNT/foo
clone failed: Invalid argument
5af7a1d6d3757be1e3e911ba5fdf4cbe  SCRATCH_MNT/foo
clone failed: Invalid argument
5af7a1d6d3757be1e3e911ba5fdf4cbe  SCRATCH_MNT/foo
0000000 04 04 04 04 04 04 04 04 04 04 04 04 04 04 04 04
*
0020000 02 02 02 02 02 02 02 02 02 02 02 02 02 02 02 02
*
0040000 03 03 03 03 03 03 03 03 03 03 03 03 03 03 03 03
*
0060000 04 04 04 04 04 04 04 04 04 04 04 04 04 04 04 04
*
0100000 05 05 05 05 05 05 05 05 05 05 05 05 05 05 05 05
*
0300000
0000000 04 04 04 04 04 04 04 04 04 04 04 04 04 04 04 04
*
0020000 02 02 02 02 02 02 02 02 02 02 02 02 02 02 02 02
*
0060000 04 04 04 04 04 04 04 04 04 04 04 04 04 04 04 04
*
0100000 05 05 05 05 05 05 05 05 05 05 05 05 05 05 05 05
*
0300000
0000000 04 04 04 04 04 04 04 04 04 04 04 04 04 04 04 04
*
0020000 02 02 02 02 02 02 02 02 02 02 02 02 02 02 02 02
*
0060000 04 04 04 04 04 04 04 04 04 04 04 04 04 04 04 04
*
0100000 05 05 05 05 05 05 05 05 05 05 05 05 05 05 05 05
*
0200000 02 02 02 02 02 02 02 02 02 02 02 02 02 02 02 02
*
0210000 04 04 04 04 04 04 04 04 04 04 04 04 04 04 04 04
*
0230000 05 05 05 05 05 05 05 05 05 05 05 05 05 05 05 05
*
0300000
wrote 8192/8192 bytes at offset 0
XXX Bytes, X ops; XX:XX:XX.X (XXX YYY/sec and XXX ops/sec)
0000000 ff ff ff ff ff ff ff ff ff ff ff ff ff ff ff ff
*
0020000 02 02 02 02 02 02 02 02 02 02 02 02 02 02 02 02
*
0060000 04 04 04 04 04 04 04 04 04 04 04 04 04 04 04 04
*
0100000 05 05 05 05 05 05 05 05 05 05 05 05 05 05 05 05
*
0200000 02 02 02 02 02 02 02 02 02 02 02 02 02 02 02 02
*
0210000 04 04 04 04 04 04 04 04 04 04 04 04 04 04 04 04
*
0230000 05 05 05 05 05 05 05 05 05 05 05 05 05 05 05 05
*
0300000
0000000 ff ff ff ff ff ff ff ff ff ff ff ff ff ff ff ff
*
0020000 02 02 02 02 02 02 02 02 02 02 02 02 02 02 02 02
*
0060000 04 04 04 04 04 04 04 04 04 04 04 04 04 04 04 04
*
0100000 05 05 05 05 05 05 05 05 05 05 05 05 05 05 05 05
*
0200000 02 02 02 02 02 02 02 02 02 02 02 02 02 02 02 02
*
0210000 04 04 04 04 04 04 04 04 04 04 04 04 04 04 04 04
*
0230000 05 05 05 05 05 05 05 05 05 05 05 05 05 05 05 05
*
0300000
Testing with a cow file and lzo compression
wrote 8192/8192 bytes at offset 0
XXX Bytes, X ops; XX:XX:XX.X (XXX YYY/sec and XXX ops/sec)
wrote 8192/8192 bytes at offset 8192
XXX Bytes, X ops; XX:XX:XX.X (XXX YYY/sec and XXX ops/sec)
wrote 8192/8192 bytes at offset 16384
XXX Bytes, X ops; XX:XX:XX.X (XXX YYY/sec and XXX ops/sec)
wrote 8192/8192 bytes at offset 24576
XXX Bytes, X ops; XX:XX:XX.X (XXX YYY/sec and XXX ops/sec)
wrote 65536/65536 bytes at offset 32768
XXX Bytes, X ops; XX:XX:XX.X (XXX YYY/sec and XXX ops/sec)
5af7a1d6d3757be1e3e911ba5fdf4cbe  SCRATCH_MNT/foo
clone failed: Invalid argument
5af7a1d6d3757be1e3e911ba5fdf4cbe  SCRATCH_MNT/foo
clone failed: Invalid argument
5af7a1d6d3757be1e3e911ba5fdf4cbe  SCRATCH_MNT/foo
0000000 04 04 04 04 04 04 04 04 04 04 04 04 04 04 04 04
*
0020000 02 02 02 02 02 02 02 02 02 02 02 02 02 02 02 02
*
0040000 03 03 03 03 03 03 03 03 03 03 03 03 03 03 03 03
*
0060000 04 04 04 04 04 04 04 04 04 04 04 04 04 04 04 04
*
0100000 05 05 05 05 05 05 05 05 05 05 05 05 05 05 05 05
*
0300000
0000000 04 04 04 04 04 04 04 04 04 04 04 04 04 04 04 04
*
0020000 02 02 02 02 02 02 02 02 02 02 02 02 02 02 02 02
*
0060000 04 04 04 04 04 04 04 04 04 04 04 04 04 04 04 04
*
0100000 05 05 05 05 05 05 05 05 05 05 05 05 05 05 05 05
*
0300000
0000000 04 04 04 04 04 04 04 04 04 04 04 04 04 04 04 04
*
0020000 02 02 02 02 02 02 02 02 02 02 02 02 02 02 02 02
*
0060000 04 04 04 04 04 04 04 04 04 04 04 04 04 04 04 04
*
0100000 05 05 05 05 05 05 05 05 05 05 05 05 05 05 05 05
*
0200000 02 02 02 02 02 02 02 02 02 02 02 02 02 02 02 02
*
0210000 04 04 04 04 04 04 04 04 04 04 04 04 04 04 04 04
*
0230000 05 05 05 05 05 05 05 05 05 05 05 05 05 05 05 05
*
0300000
wrote 8192/8192 bytes at offset 0
XXX Bytes, X ops; XX:XX:XX.X (XXX YYY/sec and XXX ops/sec)
0000000 ff ff ff ff ff ff ff ff ff ff ff ff ff ff ff ff
*
0020000 02 02 02 02 02 02 02 02 02 02 02 02 02 02 02 02
*
0060000 04 04 04 04 04 04 04 04 04 04 04 04 04 04 04 04
*
0100000 05 05 05 05 05 05 05 05 05 05 05 05 05 05 05 05
*
0200000 02 02 02 02 02 02 02 02 02 02 02 02 02 02 02 02
*
0210000 04 04 04 04 04 04 04 04 04 04 04 04 04 04 04 04
*
0230000 05 05 05 05 05 05 05 05 05 05 05 05 05 05 05 05
*
0300000
0000000 ff ff ff ff ff ff ff ff ff ff ff ff ff ff ff ff
*
0020000 02 02 02 02 02 02 02 02 02 02 02 02 02 02 02 02
*
0060000 04 04 04 04 04 04 04 04 04 04 04 04 04 04 04 04
*
0100000 05 05 05 05 05 05 05 05 05 05 05 05 05 05 05 05
*
0200000 02 02 02 02 02 02 02 02 02 02 02 02 02 02 02 02
*
0210000 04 04 04 04 04 04 04 04 04 04 04 04 04 04 04 04
*
0230000 05 05 05 05 05 05 05 05 05 05 05 05 05 05 05 05
*
0300000
Testing with a cow file and zlib compression
wrote 8192/8192 bytes at offset 0
XXX Bytes, X ops; XX:XX:XX.X (XXX YYY/sec and XXX ops/sec)
wrote 8192/8192 bytes at offset 8192
XXX Bytes, X ops; XX:XX:XX.X (XXX YYY/sec and XXX ops/sec)
wrote 8192/8192 bytes at offset 16384
XXX Bytes, X ops; XX:XX:XX.X (XXX YYY/sec and XXX ops/sec)
wrote 8192/8192 bytes at offset 24576
XXX Bytes, X ops; XX:XX:XX.X (XXX YYY/sec and XXX ops/sec)
wrote 65536/65536 bytes at offset 32768
XXX Bytes, X ops; XX:XX:XX.X (XXX YYY/sec and XXX ops/sec)
5af7a1d6d3757be1e3e911ba5fdf4cbe  SCRATCH_MNT/foo
clone failed: Invalid argument
5af7a1d6d3757be1e3e911ba5fdf4cbe  SCRATCH_MNT/foo
clone failed: Invalid argument
5af7a1d6d3757be1e3e911ba5fdf4cbe  SCRATCH_MNT/foo
0000000 04 04 04 04 04 04 04 04 04 04 04 04 04 04 04 04
*
0020000 02 02 02 02 02 02 02 02 02 02 02 02 02 02 02 02
*
0040000 03 03 03 03 03 03 03 03 03 03 03 03 03 03 03 03
*
0060000 04 04 04 04 04 04 04 04 04 04 04 04 04 04 04 04
*
0100000 05 05 05 05 05 05 05 05 05 05 05 05 05 05 05 05
*
0300000
0000000 04 04 04 04 04 04 04 04 04 04 04 04 04 04 04 04
*
0020000 02 02 02 02 02 02 02 02 02 02 02 02 02 02 02 02
*
0060000 04 04 04 04 04 04 04 04 04 04 04 04 04 04 04 04
*
0100000 05 05 05 05 05 05 05 05 05 05 05 05 05 05 05 05
*
0300000
0000000 04 04 04 04 04 04 04 04 04 04 04 04 04 04 04 04
*
0020000 02 02 02 02 02 02 02 02 02 02 02 02 02 02 02 02
*
0060000 04 04 04 04 04 04 04 04 04 04 04 04 04 04 04 04
*
0100000 05 05 05 05 05 05 05 05 05 05 05 05 05 05 05 05
*
0200000 02 02 02 02 02 02 02 02 02 02 02 02 02 02 02 02
*
0210000 04 04 04 04 04 04 04 04 04 04 04 04 04 04 04 04
*
0230000 05 05 05 05 05 05 05 05 05 05 05 05 05 05 05 05
*
0300000
wrote 8192/8192 bytes at offset 0
XXX Bytes, X ops; XX:XX:XX.X (XXX YYY/sec and XXX ops/sec)
0000000 ff ff ff ff ff ff ff ff ff ff ff ff ff ff ff ff
*
0020000 02 02 02 02 02 02 02 02 02 02 02 02 02 02 02 02
*
0060000 04 04 04 04 04 04 04 04 04 04 04 04 04 04 04 04
*
0100000 05 05 05 05 05 05 05 05 05 05 05 05 05 05 05 05
*
0200000 02 02 02 02 02 02 02 02 02 02 02 02 02 02 02 02
*
0210000 04 04 04 04 04 04 04 04 04 04 04 04 04 04 04 04
*
0230000 05 05 05 05 05 05 05 05 05 05 05 05 05 05 05 05
*
0300000
0000000 ff ff ff ff ff ff ff ff ff ff ff ff ff ff ff ff
*
0020000 02 02 02 02 02 02 02 02 02 02 02 02 02 02 02 02
*
0060000 04 04 04 04 04 04 04 04 04 04 04 04 04 04 04 04
*
0100000 05 05 05 05 05 05 05 05 05 05 05 05 05 05 05 05
*
0200000 02 02 02 02 02 02 02 02 02 02 02 02 02 02 02 02
*
0210000 04 04 04 04 04 04 04 04 04 04 04 04 04 04 04 04
*
0230000 05 05 05 05 05 05 05 05 05 05 05 05 05 05 05 05
*
0300000
Testing with a nocow file and lzo compression
wrote 8192/8192 bytes at offset 0
XXX Bytes, X ops; XX:XX:XX.X (XXX YYY/sec and XXX ops/sec)
wrote 8192/8192 bytes at offset 8192
XXX Bytes, X ops; XX:XX:XX.X (XXX YYY/sec and XXX ops/sec)
wrote 8192/8192 bytes at offset 16384
XXX Bytes, X ops; XX:XX:XX.X (XXX YYY/sec and XXX ops/sec)
wrote 8192/8192 bytes at offset 24576
XXX Bytes, X ops; XX:XX:XX.X (XXX YYY/sec and XXX ops/sec)
wrote 65536/65536 bytes at offset 32768
XXX Bytes, X ops; XX:XX:XX.X (XXX YYY/sec and XXX ops/sec)
5af7a1d6d3757be1e3e911ba5fdf4cbe  SCRATCH_MNT/foo
clone failed: Invalid argument
5af7a1d6d3757be1e3e911ba5fdf4cbe  SCRATCH_MNT/foo
clone failed: Invalid argument
5af7a1d6d3757be1e3e911ba5fdf4cbe  SCRATCH_MNT/foo
0000000 04 04 04 04 04 04 04 04 04 04 04 04 04 04 04 04
*
0020000 02 02 02 02 02 02 02 02 02 02 02 02 02 02 02 02
*
0040000 03 03 03 03 03 03 03 03 03 03 03 03 03 03 03 03
*
0060000 04 04 04 04 04 04 04 04 04 04 04 04 04 04 04 04
*
0100000 05 05 05 05 05 05 05 05 05 05 05 05 05 05 05 05
*
0300000
0000000 04 04 04 04 04 04 04 04 04 04 04 04 04 04 04 04
*
0020000 02 02 02 02 02 02 02 02 02 02 02 02 02 02 02 02
*
0060000 04 04 04 04 04 04 04 04 04 04 04 04 04 04 04 04
*
0100000 05 05 05 05 05 05 05 05 05 05 05 05 05 05 05 05
*
0300000
0000000 04 04 04 04 04 04 04 04 04 04 04 04 04 04 04 04
*
0020000 02 02 02 02 02 02 02 02 02 02 02 02 02 02 02 02
*
0060000 04 04 04 04 04 04 04 04 04 04 04 04 04 04 04 04
*
0100000 05 05 05 05 05 05 05 05 05 05 05 05 05 05 05 05
*
0200000 02 02 02 02 02 02 02 02 02 02 02 02 02 02 02 02
*
0210000 04 04 04 04 04 04 04 04 04 04 04 04 04 04 04 04
*
0230000 05 05 05 05 05 05 05 05 05 05 05 05 05 05 05 05
*
0300000
wrote 8192/8192 bytes at offset 0
XXX Bytes, X ops; XX:XX:XX.X (XXX YYY/sec and XXX ops/sec)
0000000 ff ff ff ff ff ff ff ff ff ff ff ff ff ff ff ff
*
0020000 02 02 02 02 02 02 02 02 02 02 02 02 02 02 02 02
*
0060000 04 04 04 04 04 04 04 04 04 04 04 04 04 04 04 04
*
0100000 05 05 05 05 05 05 05 05 05 05 05 05 05 05 05 05
*
0200000 02 02 02 02 02 02 02 02 02 02 02 02 02 02 02 02
*
0210000 04 04 04 04 04 04 04 04 04 04 04 04 04 04 04 04
*
0230000 05 05 05 05 05 05 05 05 05 05 05 05 05 05 05 05
*
0300000
0000000 ff ff ff ff ff ff ff ff ff ff ff ff ff ff ff ff
*
0020000 02 02 02 02 02 02 02 02 02 02 02 02 02 02 02 02
*
0060000 04 04 04 04 04 04 04 04 04 04 04 04 04 04 04 04
*
0100000 05 05 05 05 05 05 05 05 05 05 05 05 05 05 05 05
*
0200000 02 02 02 02 02 02 02 02 02 02 02 02 02 02 02 02
*
0210000 04 04 04 04 04 04 04 04 04 04 04 04 04 04 04 04
*
0230000 05 05 05 05 05 05 05 05 05 05 05 05 05 05 05 05
*
0300000
Testing with a nocow file and zlib compression
wrote 8192/8192 bytes at offset 0
XXX Bytes, X ops; XX:XX:XX.X (XXX YYY/sec and XXX ops/sec)
wrote 8192/8192 bytes at offset 8192
XXX Bytes, X ops; XX:XX:XX.X (XXX YYY/sec and XXX ops/sec)
wrote 8192/8192 bytes at offset 16384
XXX Bytes, X ops; XX:XX:XX.X (XXX YYY/sec and XXX ops/sec)
wrote 8192/8192 bytes at offset 24576
XXX Bytes, X ops; XX:XX:XX.X (XXX YYY/sec and XXX ops/sec)
wrote 65536/65536 bytes at offset 32768
XXX Bytes, X ops; XX:XX:XX.X (XXX YYY/sec and XXX ops/sec)
5af7a1d6d3757be1e3e911ba5fdf4cbe  SCRATCH_MNT/foo
clone failed: Invalid argument
5af7a1d6d3757be1e3e911ba5fdf4cbe  SCRATCH_MNT/foo
clone failed: Invalid argument
5af7a1d6d3757be1e3e911ba5fdf4cbe  SCRATCH_MNT/foo
0000000 04 04 04 04 04 04 04 04 04 04 04 04 04 04 04 04
*
0020000 02 02 02 02 02 02 02 02 02 02 02 02 02 02 02 02
*
0040000 03 03 03 03 03 03 03 03 03 03 03 03 03 03 03 03
*
0060000 04 04 04 04 04 04 04 04 04 04 04 04 04 04 04 04
*
0100000 05 05 05 05 05 05 05 05 05 05 05 05 05 05 05 05
*
0300000
0000000 04 04 04 04 04 04 04 04 04 04 04 04 04 04 04 04
*
0020000 02 02 02 02 02 02 02 02 02 02 02 02 02 02 02 02
*
0060000 04 04 04 04 04 04 04 04 04 04 04 04 04 04 04 04
*
0100000 05 05 05 05 05 05 05 05 05 05 05 05 05 05 05 05
*
0300000
0000000 04 04 04 04 04 04 04 04 04 04 04 04 04 04 04 04
*
0020000 02 02 02 02 02 02 02 02 02 02 02 02 02 02 02 02
*
0060000 04 04 04 04 04 04 04 04 04 04 04 04 04 04 04 04
*
0100000 05 05 05 05 05 05 05 05 05 05 05 05 05 05 05 05
*
0200000 02 02 02 02 02 02 02 02 02 02 02 02 02 02 02 02
*
0210000 04 04 04 04 04 04 04 04 04 04 04 04 04 04 04 04
*
0230000 05 05 05 05 05 05 05 05 05 05 05 05 05 05 05 05
*
0300000
wrote 8192/8192 bytes at offset 0
XXX Bytes, X ops; XX:XX:XX.X (XXX YYY/sec and XXX ops/sec)
0000000 ff ff ff ff ff ff ff ff ff ff ff ff ff ff ff ff
*
0020000 02 02 02 02 02 02 02 02 02 02 02 02 02 02 02 02
*
0060000 04 04 04 04 04 04 04 04 04 04 04 04 04 04 04 04
*
0100000 05 05 05 05 05 05 05 05 05 05 05 05 05 05 05 05
*
0200000 02 02 02 02 02 02 02 02 02 02 02 02 02 02 02 02
*
0210000 04 04 04 04 04 04 04 04 04 04 04 04 04 04 04 04
*
0230000 05 05 05 05 05 05 05 05 05 05 05 05 05 05 05 05
*
0300000
0000000 ff ff ff ff ff ff ff ff ff ff ff ff ff ff ff ff
*
0020000 02 02 02 02 02 02 02 02 02 02 02 02 02 02 02 02
*
0060000 04 04 04 04 04 04 04 04 04 04 04 04 04 04 04 04
*
0100000 05 05 05 05 05 05 05 05 05 05 05 05 05 05 05 05
*
0200000 02 02 02 02 02 02 02 02 02 02 02 02 02 02 02 02
*
0210000 04 04 04 04 04 04 04 04 04 04 04 04 04 04 04 04
*
0230000 05 05 05 05 05 05 05 05 05 05 05 05 05 05 05 05
*
0300000
