QA output created by 097
wrote 65536/65536 bytes at offset 131072
XXX Bytes, X ops; XX:XX:XX.X (XXX YYY/sec and XXX ops/sec)
File digest in the original filesystem:
6c6079335cff141b8a31233ead04cbff  SCRATCH_MNT/mysnap2/foo
File digest in the new filesystem:
6c6079335cff141b8a31233ead04cbff  SCRATCH_MNT/mysnap2/foo
