QA output created by 141
wrote 131072/131072 bytes
XXX Bytes, X ops; XX:XX:XX.X (XXX YYY/sec and XXX ops/sec)
XXXXXXXX:  aa aa aa aa aa aa aa aa aa aa aa aa aa aa aa aa  ................
XXXXXXXX:  aa aa aa aa aa aa aa aa aa aa aa aa aa aa aa aa  ................
XXXXXXXX:  aa aa aa aa aa aa aa aa aa aa aa aa aa aa aa aa  ................
XXXXXXXX:  aa aa aa aa aa aa aa aa aa aa aa aa aa aa aa aa  ................
XXXXXXXX:  aa aa aa aa aa aa aa aa aa aa aa aa aa aa aa aa  ................
XXXXXXXX:  aa aa aa aa aa aa aa aa aa aa aa aa aa aa aa aa  ................
XXXXXXXX:  aa aa aa aa aa aa aa aa aa aa aa aa aa aa aa aa  ................
XXXXXXXX:  aa aa aa aa aa aa aa aa aa aa aa aa aa aa aa aa  ................
XXXXXXXX:  aa aa aa aa aa aa aa aa aa aa aa aa aa aa aa aa  ................
XXXXXXXX:  aa aa aa aa aa aa aa aa aa aa aa aa aa aa aa aa  ................
XXXXXXXX:  aa aa aa aa aa aa aa aa aa aa aa aa aa aa aa aa  ................
XXXXXXXX:  aa aa aa aa aa aa aa aa aa aa aa aa aa aa aa aa  ................
XXXXXXXX:  aa aa aa aa aa aa aa aa aa aa aa aa aa aa aa aa  ................
XXXXXXXX:  aa aa aa aa aa aa aa aa aa aa aa aa aa aa aa aa  ................
XXXXXXXX:  aa aa aa aa aa aa aa aa aa aa aa aa aa aa aa aa  ................
XXXXXXXX:  aa aa aa aa aa aa aa aa aa aa aa aa aa aa aa aa  ................
XXXXXXXX:  aa aa aa aa aa aa aa aa aa aa aa aa aa aa aa aa  ................
XXXXXXXX:  aa aa aa aa aa aa aa aa aa aa aa aa aa aa aa aa  ................
XXXXXXXX:  aa aa aa aa aa aa aa aa aa aa aa aa aa aa aa aa  ................
XXXXXXXX:  aa aa aa aa aa aa aa aa aa aa aa aa aa aa aa aa  ................
XXXXXXXX:  aa aa aa aa aa aa aa aa aa aa aa aa aa aa aa aa  ................
XXXXXXXX:  aa aa aa aa aa aa aa aa aa aa aa aa aa aa aa aa  ................
XXXXXXXX:  aa aa aa aa aa aa aa aa aa aa aa aa aa aa aa aa  ................
XXXXXXXX:  aa aa aa aa aa aa aa aa aa aa aa aa aa aa aa aa  ................
XXXXXXXX:  aa aa aa aa aa aa aa aa aa aa aa aa aa aa aa aa  ................
XXXXXXXX:  aa aa aa aa aa aa aa aa aa aa aa aa aa aa aa aa  ................
XXXXXXXX:  aa aa aa aa aa aa aa aa aa aa aa aa aa aa aa aa  ................
XXXXXXXX:  aa aa aa aa aa aa aa aa aa aa aa aa aa aa aa aa  ................
XXXXXXXX:  aa aa aa aa aa aa aa aa aa aa aa aa aa aa aa aa  ................
XXXXXXXX:  aa aa aa aa aa aa aa aa aa aa aa aa aa aa aa aa  ................
XXXXXXXX:  aa aa aa aa aa aa aa aa aa aa aa aa aa aa aa aa  ................
XXXXXXXX:  aa aa aa aa aa aa aa aa aa aa aa aa aa aa aa aa  ................
read 512/512 bytes
XXX Bytes, X ops; XX:XX:XX.X (XXX YYY/sec and XXX ops/sec)
