QA output created by 189
wrote 2097152/2097152 bytes at offset 0
XXX Bytes, X ops; XX:XX:XX.X (XXX YYY/sec and XXX ops/sec)
wrote 2097152/2097152 bytes at offset 0
XXX Bytes, X ops; XX:XX:XX.X (XXX YYY/sec and XXX ops/sec)
wrote 2097152/2097152 bytes at offset 0
XXX Bytes, X ops; XX:XX:XX.X (XXX YYY/sec and XXX ops/sec)
wrote 2097152/2097152 bytes at offset 0
XXX Bytes, X ops; XX:XX:XX.X (XXX YYY/sec and XXX ops/sec)
Create a readonly snapshot of 'SCRATCH_MNT' in 'SCRATCH_MNT/base'
At subvol SCRATCH_MNT/base
linked 102400/102400 bytes at offset 512000
XXX Bytes, X ops; XX:XX:XX.X (XXX YYY/sec and XXX ops/sec)
linked 102400/102400 bytes at offset 0
XXX Bytes, X ops; XX:XX:XX.X (XXX YYY/sec and XXX ops/sec)
Create a readonly snapshot of 'SCRATCH_MNT' in 'SCRATCH_MNT/incr'
At subvol SCRATCH_MNT/incr
At subvol base
At snapshot incr
OK
OK
