QA output created by 201
Create subvolume 'SCRATCH_MNT/a'
Create subvolume 'SCRATCH_MNT/a/b'
Create a snapshot of 'SCRATCH_MNT/a' in 'SCRATCH_MNT/c'
