QA output created by 209
wrote 262144/262144 bytes at offset 0
XXX Bytes, X ops; XX:XX:XX.X (XXX YYY/sec and XXX ops/sec)
wrote 786432/786432 bytes at offset 262144
XXX Bytes, X ops; XX:XX:XX.X (XXX YYY/sec and XXX ops/sec)
File digest before power failure: c0bf141ef2500fcc894f754ead04f02d
File digest after power failure: c0bf141ef2500fcc894f754ead04f02d
