QA output created by 234
wrote 1048576/1048576 bytes at offset 0
XXX Bytes, X ops; XX:XX:XX.X (XXX YYY/sec and XXX ops/sec)
wrote 524288/524288 bytes at offset 524288
XXX Bytes, X ops; XX:XX:XX.X (XXX YYY/sec and XXX ops/sec)
wrote 524288/524288 bytes at offset 1111
XXX Bytes, X ops; XX:XX:XX.X (XXX YYY/sec and XXX ops/sec)
File foo data:
0000000 ab ab ab ab ab ab ab ab ab ab ab ab ab ab ab ab
*
0524288 cd cd cd cd cd cd cd cd cd cd cd cd cd cd cd cd
*
1048576
File bar data:
0000000 00 00 00 00 00 00 00 00 00 00 00 00 00 00 00 00
*
0001104 00 00 00 00 00 00 00 ef ef ef ef ef ef ef ef ef
0001120 ef ef ef ef ef ef ef ef ef ef ef ef ef ef ef ef
*
0525392 ef ef ef ef ef ef ef
0525399
