QA output created by 246
cross-subvol none/none -> No such file or directory
cross-subvol none/regu -> No such file or directory
cross-subvol none/symb -> No such file or directory
cross-subvol none/dire -> No such file or directory
cross-subvol none/tree -> No such file or directory
cross-subvol regu/none -> No such file or directory
cross-subvol regu/regu -> Invalid cross-device link
cross-subvol regu/symb -> Invalid cross-device link
cross-subvol regu/dire -> Invalid cross-device link
cross-subvol regu/tree -> Invalid cross-device link
cross-subvol symb/none -> No such file or directory
cross-subvol symb/regu -> Invalid cross-device link
cross-subvol symb/symb -> Invalid cross-device link
cross-subvol symb/dire -> Invalid cross-device link
cross-subvol symb/tree -> Invalid cross-device link
cross-subvol dire/none -> No such file or directory
cross-subvol dire/regu -> Invalid cross-device link
cross-subvol dire/symb -> Invalid cross-device link
cross-subvol dire/dire -> Invalid cross-device link
cross-subvol dire/tree -> Invalid cross-device link
cross-subvol tree/none -> No such file or directory
cross-subvol tree/regu -> Invalid cross-device link
cross-subvol tree/symb -> Invalid cross-device link
cross-subvol tree/dire -> Invalid cross-device link
cross-subvol tree/tree -> Invalid cross-device link
Invalid cross-device link
ordinary rename
cross-subvol none/none -> No such file or directory
cross-subvol none/regu -> No such file or directory
cross-subvol none/symb -> No such file or directory
cross-subvol none/dire -> No such file or directory
cross-subvol none/tree -> No such file or directory
cross-subvol regu/none -> Invalid cross-device link
cross-subvol regu/regu -> Invalid cross-device link
cross-subvol regu/symb -> Invalid cross-device link
cross-subvol regu/dire -> Is a directory
cross-subvol regu/tree -> Is a directory
cross-subvol symb/none -> Invalid cross-device link
cross-subvol symb/regu -> Invalid cross-device link
cross-subvol symb/symb -> Invalid cross-device link
cross-subvol symb/dire -> Is a directory
cross-subvol symb/tree -> Is a directory
cross-subvol dire/none -> Invalid cross-device link
cross-subvol dire/regu -> Not a directory
cross-subvol dire/symb -> Not a directory
cross-subvol dire/dire -> Invalid cross-device link
cross-subvol dire/tree -> Invalid cross-device link
cross-subvol tree/none -> Invalid cross-device link
cross-subvol tree/regu -> Not a directory
cross-subvol tree/symb -> Not a directory
cross-subvol tree/dire -> Invalid cross-device link
cross-subvol tree/tree -> Invalid cross-device link
subvolumes rename
