QA output created by 047
== Before copy up ==
zero
== After write one ==
zero
one
== After unlink one ==
zero
one
== After mount cycle ==
zero
one
== After write two ==
zero
one
two
