QA output created by 055
test_file_handles SCRATCH_MNT/merged/dir -p -o dir_file_handles
test_file_handles SCRATCH_MNT/merged/dir/subdir -p -o subdir_file_handles
test_file_handles SCRATCH_MNT/merged/parent/child -p -o child_file_handles
test_file_handles SCRATCH_MNT -rp -i dir_file_handles
test_file_handles SCRATCH_MNT -rp -i subdir_file_handles
test_file_handles SCRATCH_MNT -rp -i child_file_handles
test_file_handles SCRATCH_MNT/merged.new/dir -rp -i dir_file_handles
test_file_handles SCRATCH_MNT/merged.new/dir -rp -i subdir_file_handles
test_file_handles SCRATCH_MNT/merged.new/parent -rp -i child_file_handles
