QA output created by 056
+ Missing impure
+ Missing impure(2)
+ Missing impure(3)
