QA output created by 058
test_file_handles SCRATCH_MNT/uppertestdir -p -o upper_file_handles
test_file_handles SCRATCH_MNT/lowertestdir -p -o lower_file_handles
test_file_handles SCRATCH_MNT -rnp -i upper_file_handles
test_file_handles SCRATCH_MNT -rnp -i lower_file_handles
test_file_handles SCRATCH_MNT -rnps -i upper_file_handles
test_file_handles SCRATCH_MNT -rnps -i lower_file_handles
test_file_handles SCRATCH_MNT -rnp -i upper_file_handles
test_file_handles SCRATCH_MNT -rnp -i lower_file_handles
