QA output created by 061
00000000:  61 61 61 61 61 61 61 61 61 61 61 61 61 61 61 61  aaaaaaaaaaaaaaaa
After mount cycle:
00000000:  61 61 61 61 61 61 61 61 61 61 61 61 61 61 61 61  aaaaaaaaaaaaaaaa
