QA output created by 064
SCRATCH_MNT/file = cap_setuid+ep
