QA output created by 065
Conflicting upperdir/lowerdir
mount: device already mounted or mount point busy
Conflicting workdir/lowerdir
mount: device already mounted or mount point busy
Overlapping upperdir/lowerdir
mount: Too many levels of symbolic links
Conflicting lower layers
mount: Too many levels of symbolic links
Overlapping lower layers below
mount: Too many levels of symbolic links
Overlapping lower layers above
mount: Too many levels of symbolic links
Overlapping with upperdir of another instance
mount: device already mounted or mount point busy
Overlapping with workdir of another instance
mount: device already mounted or mount point busy
Overlapping upperdir/lowerdir after mount
SCRATCH_DEV/mnt.2
SCRATCH_DEV/mnt.2/lower
find: 'SCRATCH_DEV/mnt.2/upper': Too many levels of symbolic links
